\BOOKMARK [1][-]{section*.4}{\376\377\000I\000n\000t\000r\000o\000d\000u\000c\000c\000i\000\363\000n}{}% 1
\BOOKMARK [1][-]{section*.5}{\376\377\000M\000a\000r\000c\000o\000\040\000t\000e\000\363\000r\000i\000c\000o\000\040\000y\000\040\000t\000r\000a\000b\000a\000j\000o\000s\000\040\000r\000e\000l\000a\000c\000i\000o\000n\000a\000d\000o\000s}{}% 2
\BOOKMARK [2][-]{section*.6}{\376\377\000E\000l\000\040\000C\000o\000l\000a\000p\000s\000o\000\040\000d\000e\000l\000\040\000M\000o\000n\000o\000l\000i\000t\000o\000\040\000y\000\040\000l\000a\000\040\000E\000v\000o\000l\000u\000c\000i\000\363\000n\000\040\000a\000\040\000M\000i\000c\000r\000o\000s\000e\000r\000v\000i\000c\000i\000o\000s}{section*.5}% 3
\BOOKMARK [2][-]{section*.7}{\376\377\000L\000a\000\040\000d\000e\000s\000c\000e\000n\000t\000r\000a\000l\000i\000z\000a\000c\000i\000\363\000n\000\040\000o\000b\000l\000i\000g\000a\000t\000o\000r\000i\000a\000:\000\040\000I\000n\000t\000e\000l\000i\000g\000e\000n\000c\000i\000a\000\040\000e\000n\000\040\000e\000l\000\040\000B\000o\000r\000d\000e}{section*.5}% 4
\BOOKMARK [2][-]{section*.8}{\376\377\000E\000s\000t\000r\000u\000c\000t\000u\000r\000a\000s\000\040\000d\000e\000\040\000D\000a\000t\000o\000s\000\040\000p\000a\000r\000a\000\040\000e\000l\000\040\000C\000a\000o\000s\000\040\000d\000e\000l\000\040\000I\000o\000T}{section*.5}% 5
\BOOKMARK [2][-]{section*.9}{\376\377\000O\000r\000q\000u\000e\000s\000t\000a\000c\000i\000\363\000n\000\040\000y\000\040\000R\000e\000s\000p\000u\000e\000s\000t\000a\000\040\000C\000o\000n\000t\000e\000x\000t\000u\000a\000l}{section*.5}% 6
\BOOKMARK [1][-]{section*.10}{\376\377\000M\000e\000t\000o\000d\000o\000l\000o\000g\000\355\000a\000\040\000d\000e\000\040\000i\000n\000v\000e\000s\000t\000i\000g\000a\000c\000i\000\363\000n\000\040\000a\000p\000l\000i\000c\000a\000d\000a}{}% 7
\BOOKMARK [2][-]{section*.11}{\376\377\000P\000r\000o\000t\000o\000c\000o\000l\000o\000\040\000d\000e\000\040\000S\000e\000l\000e\000c\000c\000i\000\363\000n\000\040\000y\000\040\000F\000i\000l\000t\000r\000a\000d\000o}{section*.10}% 8
\BOOKMARK [2][-]{section*.12}{\376\377\000T\000a\000x\000o\000n\000o\000m\000\355\000a\000\040\000y\000\040\000C\000a\000t\000e\000g\000o\000r\000i\000z\000a\000c\000i\000\363\000n\000\040\000d\000e\000\040\000E\000s\000t\000u\000d\000i\000o\000s}{section*.10}% 9
\BOOKMARK [2][-]{section*.13}{\376\377\000E\000s\000t\000r\000a\000t\000e\000g\000i\000a\000\040\000d\000e\000\040\000A\000n\000\341\000l\000i\000s\000i\000s\000\040\000C\000o\000m\000p\000a\000r\000a\000t\000i\000v\000o}{section*.10}% 10
\BOOKMARK [2][-]{section*.14}{\376\377\000D\000i\000m\000e\000n\000s\000i\000o\000n\000e\000s\000\040\000d\000e\000\040\000E\000v\000a\000l\000u\000a\000c\000i\000\363\000n}{section*.10}% 11
\BOOKMARK [1][-]{section*.15}{\376\377\000I\000m\000p\000l\000e\000m\000e\000n\000t\000a\000c\000i\000\363\000n\000\040\000d\000e\000l\000\040\000s\000o\000f\000t\000w\000a\000r\000e}{}% 12
\BOOKMARK [2][-]{section*.16}{\376\377\000E\000l\000\040\000S\000t\000a\000c\000k\000\040\000d\000e\000\040\000V\000i\000s\000i\000\363\000n\000\040\000y\000\040\000D\000e\000t\000e\000c\000c\000i\000\363\000n\000\040\000\050\000E\000d\000g\000e\000\051}{section*.15}% 13
\BOOKMARK [3][-]{section*.17}{\376\377\000E\000s\000t\000r\000a\000t\000e\000g\000i\000a\000s\000\040\000d\000e\000\040\000P\000r\000e\000p\000r\000o\000c\000e\000s\000a\000m\000i\000e\000n\000t\000o\000\040\000L\000o\000c\000a\000l}{section*.16}% 14
\BOOKMARK [2][-]{section*.18}{\376\377\000E\000l\000\040\000S\000i\000s\000t\000e\000m\000a\000\040\000N\000e\000r\000v\000i\000o\000s\000o\000:\000\040\000P\000a\000t\000r\000o\000n\000e\000s\000\040\000d\000e\000\040\000M\000e\000n\000s\000a\000j\000e\000r\000\355\000a}{section*.15}% 15
\BOOKMARK [3][-]{section*.19}{\376\377\000P\000r\000o\000t\000o\000c\000o\000l\000o\000s\000\040\000d\000e\000\040\000I\000n\000g\000e\000s\000t\000a}{section*.18}% 16
\BOOKMARK [2][-]{section*.20}{\376\377\000P\000e\000r\000s\000i\000s\000t\000e\000n\000c\000i\000a\000,\000\040\000O\000r\000q\000u\000e\000s\000t\000a\000c\000i\000\363\000n\000\040\000y\000\040\000C\000o\000n\000s\000i\000s\000t\000e\000n\000c\000i\000a}{section*.15}% 17
\BOOKMARK [2][-]{section*.21}{\376\377\000F\000r\000a\000g\000m\000e\000n\000t\000o\000\040\000d\000e\000\040\000c\000\363\000d\000i\000g\000o\000:\000\040\000P\000r\000o\000d\000u\000c\000t\000o\000r\000\040\000d\000e\000\040\000E\000v\000e\000n\000t\000o\000s\000\040\000I\000o\000T}{section*.15}% 18
\BOOKMARK [1][-]{section*.22}{\376\377\000E\000v\000a\000l\000u\000a\000c\000i\000\363\000n\000\040\000y\000\040\000s\000\355\000n\000t\000e\000s\000i\000s\000\040\000d\000e\000\040\000r\000e\000s\000u\000l\000t\000a\000d\000o\000s}{}% 19
\BOOKMARK [2][-]{section*.23}{\376\377\000I\000m\000p\000a\000c\000t\000o\000\040\000d\000e\000\040\000l\000a\000\040\000I\000n\000t\000e\000l\000i\000g\000e\000n\000c\000i\000a\000\040\000C\000o\000n\000t\000e\000x\000t\000u\000a\000l}{section*.22}% 20
\BOOKMARK [2][-]{section*.24}{\376\377\000E\000f\000i\000c\000a\000c\000i\000a\000\040\000d\000e\000\040\000l\000o\000s\000\040\000M\000o\000d\000e\000l\000o\000s\000\040\000d\000e\000\040\000V\000i\000s\000i\000\363\000n\000\040\000e\000n\000\040\000e\000l\000\040\000B\000o\000r\000d\000e}{section*.22}% 21
\BOOKMARK [2][-]{section*.25}{\376\377\000D\000e\000s\000b\000l\000o\000q\000u\000e\000o\000\040\000d\000e\000l\000\040\000R\000e\000n\000d\000i\000m\000i\000e\000n\000t\000o\000\040\000\050\000T\000h\000r\000o\000u\000g\000h\000p\000u\000t\000\051}{section*.22}% 22
\BOOKMARK [2][-]{section*.26}{\376\377\000O\000p\000t\000i\000m\000i\000z\000a\000c\000i\000\363\000n\000\040\000d\000e\000\040\000R\000e\000c\000u\000r\000s\000o\000s\000\040\000y\000\040\000A\000n\000c\000h\000o\000\040\000d\000e\000\040\000B\000a\000n\000d\000a}{section*.22}% 23
\BOOKMARK [2][-]{section*.27}{\376\377\000E\000f\000i\000c\000i\000e\000n\000c\000i\000a\000\040\000O\000p\000e\000r\000a\000t\000i\000v\000a\000\040\000y\000\040\000R\000e\000d\000u\000c\000c\000i\000\363\000n\000\040\000d\000e\000\040\000C\000a\000r\000g\000a\000\040\000H\000u\000m\000a\000n\000a}{section*.22}% 24
\BOOKMARK [1][-]{section*.28}{\376\377\000D\000i\000s\000c\000u\000s\000i\000\363\000n}{}% 25
\BOOKMARK [2][-]{section*.29}{\376\377\000L\000a\000\040\000P\000a\000r\000a\000d\000o\000j\000a\000\040\000d\000e\000\040\000l\000a\000\040\000C\000o\000m\000p\000l\000e\000j\000i\000d\000a\000d\000\040\000O\000p\000e\000r\000a\000t\000i\000v\000a}{section*.28}% 26
\BOOKMARK [2][-]{section*.30}{\376\377\000E\000l\000\040\000A\000b\000i\000s\000m\000o\000\040\000S\000e\000m\000\341\000n\000t\000i\000c\000o\000:\000\040\000D\000a\000t\000o\000s\000\040\000v\000s\000.\000\040\000I\000n\000f\000o\000r\000m\000a\000c\000i\000\363\000n}{section*.28}% 27
\BOOKMARK [2][-]{section*.31}{\376\377\000E\000l\000\040\000D\000i\000l\000e\000m\000a\000\040\000d\000e\000l\000\040\000C\000o\000n\000t\000r\000o\000l\000:\000\040\000C\000o\000r\000e\000o\000g\000r\000a\000f\000\355\000a\000\040\000v\000s\000.\000\040\000O\000r\000q\000u\000e\000s\000t\000a\000c\000i\000\363\000n}{section*.28}% 28
\BOOKMARK [2][-]{section*.32}{\376\377\000O\000b\000s\000e\000r\000v\000a\000b\000i\000l\000i\000d\000a\000d\000:\000\040\000E\000l\000\040\000R\000e\000q\000u\000i\000s\000i\000t\000o\000\040\000O\000l\000v\000i\000d\000a\000d\000o}{section*.28}% 29
\BOOKMARK [1][-]{section*.33}{\376\377\000C\000o\000n\000c\000l\000u\000s\000i\000o\000n\000e\000s\000\040\000y\000\040\000t\000r\000a\000b\000a\000j\000o\000\040\000f\000u\000t\000u\000r\000o}{}% 30
\BOOKMARK [2][-]{section*.34}{\376\377\000S\000\355\000n\000t\000e\000s\000i\000s\000\040\000d\000e\000\040\000H\000a\000l\000l\000a\000z\000g\000o\000s\000\040\000T\000\351\000c\000n\000i\000c\000o\000s}{section*.33}% 31
\BOOKMARK [2][-]{section*.35}{\376\377\000I\000m\000p\000l\000i\000c\000a\000c\000i\000o\000n\000e\000s\000\040\000E\000s\000t\000r\000a\000t\000\351\000g\000i\000c\000a\000s\000\040\000p\000a\000r\000a\000\040\000l\000a\000\040\000I\000n\000d\000u\000s\000t\000r\000i\000a}{section*.33}% 32
\BOOKMARK [2][-]{section*.36}{\376\377\000I\000m\000p\000a\000c\000t\000o\000\040\000S\000o\000c\000i\000o\000e\000c\000o\000n\000\363\000m\000i\000c\000o}{section*.33}% 33
\BOOKMARK [2][-]{section*.37}{\376\377\000D\000e\000s\000a\000f\000\355\000o\000s\000\040\000A\000b\000i\000e\000r\000t\000o\000s\000\040\000y\000\040\000T\000r\000a\000b\000a\000j\000o\000\040\000F\000u\000t\000u\000r\000o}{section*.33}% 34
