\BOOKMARK [1][-]{section*.4}{\376\377\000I\000n\000t\000r\000o\000d\000u\000c\000c\000i\000\363\000n}{}% 1
\BOOKMARK [2][-]{section*.5}{\376\377\000P\000r\000o\000b\000l\000e\000m\000a\000\040\000d\000e\000\040\000i\000n\000v\000e\000s\000t\000i\000g\000a\000c\000i\000\363\000n}{section*.4}% 2
\BOOKMARK [2][-]{section*.6}{\376\377\000O\000b\000j\000e\000t\000i\000v\000o\000\040\000g\000e\000n\000e\000r\000a\000l}{section*.4}% 3
\BOOKMARK [2][-]{section*.7}{\376\377\000O\000b\000j\000e\000t\000i\000v\000o\000s\000\040\000e\000s\000p\000e\000c\000\355\000f\000i\000c\000o\000s}{section*.4}% 4
\BOOKMARK [2][-]{section*.8}{\376\377\000E\000s\000t\000r\000u\000c\000t\000u\000r\000a\000\040\000d\000e\000l\000\040\000a\000r\000t\000\355\000c\000u\000l\000o}{section*.4}% 5
\BOOKMARK [1][-]{section*.9}{\376\377\000T\000r\000a\000b\000a\000j\000o\000s\000\040\000r\000e\000l\000a\000c\000i\000o\000n\000a\000d\000o\000s}{}% 6
\BOOKMARK [2][-]{section*.10}{\376\377\000A\000N\000P\000R\000\040\000e\000n\000\040\000s\000i\000s\000t\000e\000m\000a\000s\000\040\000d\000e\000\040\000a\000p\000a\000r\000c\000a\000m\000i\000e\000n\000t\000o\000\040\000i\000n\000t\000e\000l\000i\000g\000e\000n\000t\000e\000\040\000y\000\040\000c\000i\000u\000d\000a\000d\000e\000s\000\040\000i\000n\000t\000e\000l\000i\000g\000e\000n\000t\000e\000s}{section*.9}% 7
\BOOKMARK [2][-]{section*.11}{\376\377\000E\000n\000f\000o\000q\000u\000e\000s\000\040\000d\000e\000\040\000d\000e\000t\000e\000c\000c\000i\000\363\000n\000\040\000y\000\040\000r\000e\000c\000o\000n\000o\000c\000i\000m\000i\000e\000n\000t\000o\000\040\000d\000e\000\040\000m\000a\000t\000r\000\355\000c\000u\000l\000a\000s}{section*.9}% 8
\BOOKMARK [2][-]{section*.12}{\376\377\000S\000o\000f\000t\000w\000a\000r\000e\000\040\000l\000i\000b\000r\000e\000,\000\040\000a\000d\000a\000p\000t\000a\000c\000i\000o\000n\000e\000s\000\040\000r\000e\000g\000i\000o\000n\000a\000l\000e\000s\000\040\000y\000\040\000c\000o\000n\000t\000e\000x\000t\000o\000\040\000e\000d\000u\000c\000a\000t\000i\000v\000o}{section*.9}% 9
\BOOKMARK [1][-]{section*.13}{\376\377\000M\000e\000t\000o\000d\000o\000l\000o\000g\000\355\000a}{}% 10
\BOOKMARK [2][-]{section*.14}{\376\377\000F\000a\000s\000e\000\040\0001\000:\000\040\000A\000n\000\341\000l\000i\000s\000i\000s\000\040\000d\000e\000l\000\040\000c\000o\000n\000t\000e\000x\000t\000o\000\040\000y\000\040\000d\000e\000f\000i\000n\000i\000c\000i\000\363\000n\000\040\000d\000e\000\040\000r\000e\000q\000u\000i\000s\000i\000t\000o\000s}{section*.13}% 11
\BOOKMARK [2][-]{section*.15}{\376\377\000F\000a\000s\000e\000\040\0002\000:\000\040\000D\000i\000s\000e\000\361\000o\000\040\000d\000e\000\040\000l\000a\000\040\000a\000r\000q\000u\000i\000t\000e\000c\000t\000u\000r\000a\000\040\000p\000r\000o\000p\000u\000e\000s\000t\000a}{section*.13}% 12
\BOOKMARK [2][-]{section*.16}{\376\377\000F\000a\000s\000e\000\040\0003\000:\000\040\000I\000m\000p\000l\000e\000m\000e\000n\000t\000a\000c\000i\000\363\000n\000\040\000d\000e\000l\000\040\000m\000i\000c\000r\000o\000s\000e\000r\000v\000i\000c\000i\000o\000\040\000d\000e\000\040\000v\000i\000s\000i\000\363\000n}{section*.13}% 13
\BOOKMARK [2][-]{section*.17}{\376\377\000F\000a\000s\000e\000\040\0004\000:\000\040\000I\000m\000p\000l\000e\000m\000e\000n\000t\000a\000c\000i\000\363\000n\000\040\000d\000e\000l\000\040\000b\000a\000c\000k\000e\000n\000d\000\040\000d\000e\000\040\000g\000e\000s\000t\000i\000\363\000n\000\040\000y\000\040\000d\000e\000\040\000l\000a\000s\000\040\000i\000n\000t\000e\000r\000f\000a\000c\000e\000s\000\040\000d\000e\000\040\000u\000s\000u\000a\000r\000i\000o}{section*.13}% 14
\BOOKMARK [3][-]{section*.18}{\376\377\000B\000a\000c\000k\000e\000n\000d\000\040\000d\000e\000\040\000g\000e\000s\000t\000i\000\363\000n\000\040\000\050\000.\000N\000E\000T\000\051}{section*.17}% 15
\BOOKMARK [3][-]{section*.19}{\376\377\000I\000n\000t\000e\000r\000f\000a\000c\000e\000s\000\040\000w\000e\000b\000\040\000y\000\040\000m\000\363\000v\000i\000l\000e\000s}{section*.17}% 16
\BOOKMARK [2][-]{section*.20}{\376\377\000F\000a\000s\000e\000\040\0005\000:\000\040\000I\000n\000t\000e\000g\000r\000a\000c\000i\000\363\000n\000\040\000y\000\040\000p\000r\000u\000e\000b\000a\000s\000\040\000e\000n\000\040\000e\000n\000t\000o\000r\000n\000o\000\040\000c\000o\000n\000t\000r\000o\000l\000a\000d\000o}{section*.13}% 17
\BOOKMARK [2][-]{section*.21}{\376\377\000F\000a\000s\000e\000\040\0006\000:\000\040\000E\000v\000a\000l\000u\000a\000c\000i\000\363\000n\000,\000\040\000l\000i\000m\000i\000t\000a\000c\000i\000o\000n\000e\000s\000\040\000y\000\040\000o\000p\000o\000r\000t\000u\000n\000i\000d\000a\000d\000e\000s\000\040\000d\000e\000\040\000a\000m\000p\000l\000i\000a\000c\000i\000\363\000n}{section*.13}% 18
\BOOKMARK [2][-]{section*.22}{\376\377\000D\000i\000a\000g\000r\000a\000m\000a\000\040\000d\000e\000\040\000a\000r\000q\000u\000i\000t\000e\000c\000t\000u\000r\000a\000\040\000d\000e\000\040\000c\000o\000m\000p\000o\000n\000e\000n\000t\000e\000s}{section*.13}% 19
\BOOKMARK [1][-]{section*.23}{\376\377\000I\000m\000p\000l\000e\000m\000e\000n\000t\000a\000c\000i\000\363\000n\000\040\000d\000e\000l\000\040\000s\000i\000s\000t\000e\000m\000a\000\040\000A\000N\000P\000R\000-\000V\000I\000S\000I\000O\000N}{}% 20
\BOOKMARK [2][-]{section*.24}{\376\377\000V\000i\000s\000i\000\363\000n\000\040\000g\000e\000n\000e\000r\000a\000l\000\040\000d\000e\000\040\000l\000a\000\040\000a\000r\000q\000u\000i\000t\000e\000c\000t\000u\000r\000a\000\040\000i\000m\000p\000l\000e\000m\000e\000n\000t\000a\000d\000a}{section*.23}% 21
\BOOKMARK [2][-]{section*.25}{\376\377\000M\000i\000c\000r\000o\000s\000e\000r\000v\000i\000c\000i\000o\000\040\000d\000e\000\040\000v\000i\000s\000i\000\363\000n\000\040\000e\000n\000\040\000P\000y\000t\000h\000o\000n}{section*.23}% 22
\BOOKMARK [2][-]{section*.26}{\376\377\000B\000u\000s\000\040\000d\000e\000\040\000m\000e\000n\000s\000a\000j\000e\000r\000\355\000a\000\040\000c\000o\000n\000\040\000A\000p\000a\000c\000h\000e\000\040\000K\000a\000f\000k\000a}{section*.23}% 23
\BOOKMARK [2][-]{section*.27}{\376\377\000S\000i\000s\000t\000e\000m\000a\000\040\000d\000e\000\040\000g\000e\000s\000t\000i\000\363\000n\000\040\000d\000e\000\040\000p\000a\000r\000q\000u\000e\000a\000d\000e\000r\000o\000s\000\040\000e\000n\000\040\000.\000N\000E\000T}{section*.23}% 24
\BOOKMARK [2][-]{section*.28}{\376\377\000I\000n\000t\000e\000r\000f\000a\000c\000e\000s\000\040\000w\000e\000b\000\040\000y\000\040\000a\000p\000l\000i\000c\000a\000c\000i\000\363\000n\000\040\000m\000\363\000v\000i\000l}{section*.23}% 25
\BOOKMARK [3][-]{section*.29}{\376\377\000P\000o\000r\000t\000a\000l\000\040\000w\000e\000b\000\040\000p\000a\000r\000a\000\040\000o\000p\000e\000r\000a\000d\000o\000r\000e\000s\000\040\000y\000\040\000a\000d\000m\000i\000n\000i\000s\000t\000r\000a\000d\000o\000r\000e\000s}{section*.28}% 26
\BOOKMARK [3][-]{section*.30}{\376\377\000A\000p\000l\000i\000c\000a\000c\000i\000\363\000n\000\040\000m\000\363\000v\000i\000l\000\040\000p\000a\000r\000a\000\040\000u\000s\000u\000a\000r\000i\000o\000s\000\040\000f\000i\000n\000a\000l\000e\000s}{section*.28}% 27
\BOOKMARK [2][-]{section*.31}{\376\377\000P\000e\000r\000s\000i\000s\000t\000e\000n\000c\000i\000a\000\040\000d\000e\000\040\000d\000a\000t\000o\000s\000\040\000y\000\040\000m\000o\000d\000e\000l\000o\000\040\000r\000e\000l\000a\000c\000i\000o\000n\000a\000l}{section*.23}% 28
\BOOKMARK [2][-]{section*.32}{\376\377\000D\000e\000s\000p\000l\000i\000e\000g\000u\000e\000\040\000d\000e\000l\000\040\000p\000r\000o\000t\000o\000t\000i\000p\000o\000\040\000e\000n\000\040\000m\000\372\000l\000t\000i\000p\000l\000e\000s\000\040\000e\000n\000t\000o\000r\000n\000o\000s}{section*.23}% 29
\BOOKMARK [1][-]{section*.33}{\376\377\000R\000e\000s\000u\000l\000t\000a\000d\000o\000s}{}% 30
\BOOKMARK [2][-]{section*.34}{\376\377\000E\000n\000t\000o\000r\000n\000o\000\040\000d\000e\000\040\000p\000r\000u\000e\000b\000a\000s\000\040\000y\000\040\000c\000o\000n\000f\000i\000g\000u\000r\000a\000c\000i\000\363\000n\000\040\000e\000x\000p\000e\000r\000i\000m\000e\000n\000t\000a\000l}{section*.33}% 31
\BOOKMARK [2][-]{section*.35}{\376\377\000V\000a\000l\000i\000d\000a\000c\000i\000\363\000n\000\040\000f\000u\000n\000c\000i\000o\000n\000a\000l\000\040\000d\000e\000\040\000l\000a\000\040\000a\000r\000q\000u\000i\000t\000e\000c\000t\000u\000r\000a}{section*.33}% 32
\BOOKMARK [2][-]{section*.36}{\376\377\000O\000b\000s\000e\000r\000v\000a\000c\000i\000o\000n\000e\000s\000\040\000s\000o\000b\000r\000e\000\040\000r\000e\000n\000d\000i\000m\000i\000e\000n\000t\000o\000\040\000y\000\040\000l\000a\000t\000e\000n\000c\000i\000a}{section*.33}% 33
\BOOKMARK [2][-]{section*.37}{\376\377\000E\000x\000p\000e\000r\000i\000e\000n\000c\000i\000a\000\040\000d\000e\000\040\000d\000e\000s\000p\000l\000i\000e\000g\000u\000e\000\040\000e\000n\000\040\000m\000\372\000l\000t\000i\000p\000l\000e\000s\000\040\000e\000n\000t\000o\000r\000n\000o\000s}{section*.33}% 34
\BOOKMARK [2][-]{section*.38}{\376\377\000S\000\355\000n\000t\000e\000s\000i\000s\000\040\000d\000e\000\040\000h\000a\000l\000l\000a\000z\000g\000o\000s}{section*.33}% 35
\BOOKMARK [1][-]{section*.39}{\376\377\000D\000i\000s\000c\000u\000s\000i\000\363\000n}{}% 36
\BOOKMARK [2][-]{section*.40}{\376\377\000C\000o\000h\000e\000r\000e\000n\000c\000i\000a\000\040\000d\000e\000\040\000l\000a\000\040\000a\000r\000q\000u\000i\000t\000e\000c\000t\000u\000r\000a\000\040\000b\000a\000s\000a\000d\000a\000\040\000e\000n\000\040\000m\000i\000c\000r\000o\000s\000e\000r\000v\000i\000c\000i\000o\000\040\000d\000e\000\040\000v\000i\000s\000i\000\363\000n\000\040\000y\000\040\000m\000e\000n\000s\000a\000j\000e\000r\000\355\000a\000\040\000d\000i\000s\000t\000r\000i\000b\000u\000i\000d\000a}{section*.39}% 37
\BOOKMARK [2][-]{section*.41}{\376\377\000U\000s\000o\000\040\000d\000e\000\040\000h\000e\000r\000r\000a\000m\000i\000e\000n\000t\000a\000s\000\040\000d\000e\000\040\000c\000\363\000d\000i\000g\000o\000\040\000a\000b\000i\000e\000r\000t\000o\000\040\000y\000\040\000c\000o\000n\000t\000e\000x\000t\000o\000\040\000e\000d\000u\000c\000a\000t\000i\000v\000o}{section*.39}% 38
\BOOKMARK [2][-]{section*.42}{\376\377\000D\000e\000s\000e\000m\000p\000e\000\361\000o\000\040\000d\000e\000l\000\040\000p\000r\000o\000t\000o\000t\000i\000p\000o\000\040\000y\000\040\000l\000i\000m\000i\000t\000a\000c\000i\000o\000n\000e\000s\000\040\000t\000\351\000c\000n\000i\000c\000a\000s}{section*.39}% 39
\BOOKMARK [2][-]{section*.43}{\376\377\000O\000p\000o\000r\000t\000u\000n\000i\000d\000a\000d\000e\000s\000\040\000d\000e\000\040\000a\000m\000p\000l\000i\000a\000c\000i\000\363\000n\000\040\000y\000\040\000c\000o\000m\000p\000a\000r\000a\000c\000i\000\363\000n\000\040\000c\000o\000n\000\040\000t\000r\000a\000b\000a\000j\000o\000s\000\040\000r\000e\000l\000a\000c\000i\000o\000n\000a\000d\000o\000s}{section*.39}% 40
\BOOKMARK [2][-]{section*.44}{\376\377\000I\000m\000p\000l\000i\000c\000a\000c\000i\000o\000n\000e\000s\000\040\000p\000a\000r\000a\000\040\000l\000a\000\040\000f\000o\000r\000m\000a\000c\000i\000\363\000n\000\040\000e\000n\000\040\000a\000n\000\341\000l\000i\000s\000i\000s\000\040\000y\000\040\000d\000e\000s\000a\000r\000r\000o\000l\000l\000o\000\040\000d\000e\000\040\000s\000o\000f\000t\000w\000a\000r\000e}{section*.39}% 41
\BOOKMARK [2][-]{section*.45}{\376\377\000A\000m\000e\000n\000a\000z\000a\000s\000\040\000a\000\040\000l\000a\000\040\000v\000a\000l\000i\000d\000e\000z}{section*.39}% 42
\BOOKMARK [1][-]{section*.46}{\376\377\000C\000o\000n\000c\000l\000u\000s\000i\000o\000n\000e\000s\000\040\000y\000\040\000t\000r\000a\000b\000a\000j\000o\000\040\000f\000u\000t\000u\000r\000o}{}% 43
\BOOKMARK [2][-]{section*.47}{\376\377\000C\000o\000n\000c\000l\000u\000s\000i\000o\000n\000e\000s}{section*.46}% 44
\BOOKMARK [2][-]{section*.48}{\376\377\000T\000r\000a\000b\000a\000j\000o\000\040\000f\000u\000t\000u\000r\000o}{section*.46}% 45
\BOOKMARK [1][-]{appendix.1}{\376\377\000A\000p\000\351\000n\000d\000i\000c\000e\000s}{}% 46
