\BOOKMARK [1][-]{section*.1}{\376\377\000R\000e\000s\000u\000m\000e\000n}{}% 1
\BOOKMARK [1][-]{section.1}{\376\377\0001\000\040\000I\000n\000t\000r\000o\000d\000u\000c\000c\000i\000\363\000n}{}% 2
\BOOKMARK [2][-]{subsection.1.1}{\376\377\0001\000.\0001\000\040\000P\000r\000o\000b\000l\000e\000m\000a\000\040\000d\000e\000\040\000i\000n\000v\000e\000s\000t\000i\000g\000a\000c\000i\000\363\000n}{section.1}% 3
\BOOKMARK [2][-]{subsection.1.2}{\376\377\0001\000.\0002\000\040\000O\000b\000j\000e\000t\000i\000v\000o\000\040\000g\000e\000n\000e\000r\000a\000l}{section.1}% 4
\BOOKMARK [2][-]{subsection.1.3}{\376\377\0001\000.\0003\000\040\000O\000b\000j\000e\000t\000i\000v\000o\000s\000\040\000e\000s\000p\000e\000c\000\355\000f\000i\000c\000o\000s}{section.1}% 5
\BOOKMARK [2][-]{subsection.1.4}{\376\377\0001\000.\0004\000\040\000E\000s\000t\000r\000u\000c\000t\000u\000r\000a\000\040\000d\000e\000l\000\040\000a\000r\000t\000\355\000c\000u\000l\000o}{section.1}% 6
\BOOKMARK [1][-]{section.2}{\376\377\0002\000\040\000I\000n\000t\000r\000o\000d\000u\000c\000c\000i\000\363\000n}{}% 7
\BOOKMARK [2][-]{subsection.2.1}{\376\377\0002\000.\0001\000\040\000A\000l\000c\000a\000n\000c\000e\000\040\000d\000e\000l\000\040\000c\000a\000s\000o\000\040\000d\000e\000\040\000e\000s\000t\000u\000d\000i\000o\000\040\000A\000N\000P\000R\000-\000V\000I\000S\000I\000O\000N}{section.2}% 8
\BOOKMARK [2][-]{subsection.2.2}{\376\377\0002\000.\0002\000\040\000O\000b\000j\000e\000t\000i\000v\000o\000\040\000g\000e\000n\000e\000r\000a\000l}{section.2}% 9
\BOOKMARK [2][-]{subsection.2.3}{\376\377\0002\000.\0003\000\040\000O\000b\000j\000e\000t\000i\000v\000o\000s\000\040\000e\000s\000p\000e\000c\000\355\000f\000i\000c\000o\000s}{section.2}% 10
\BOOKMARK [2][-]{subsection.2.4}{\376\377\0002\000.\0004\000\040\000E\000s\000t\000r\000u\000c\000t\000u\000r\000a\000\040\000d\000e\000l\000\040\000a\000r\000t\000\355\000c\000u\000l\000o}{section.2}% 11
\BOOKMARK [1][-]{section.3}{\376\377\0003\000\040\000T\000r\000a\000b\000a\000j\000o\000s\000\040\000r\000e\000l\000a\000c\000i\000o\000n\000a\000d\000o\000s}{}% 12
\BOOKMARK [2][-]{subsection.3.1}{\376\377\0003\000.\0001\000\040\000A\000N\000P\000R\000\040\000e\000n\000\040\000s\000i\000s\000t\000e\000m\000a\000s\000\040\000d\000e\000\040\000a\000p\000a\000r\000c\000a\000m\000i\000e\000n\000t\000o\000\040\000i\000n\000t\000e\000l\000i\000g\000e\000n\000t\000e\000\040\000y\000\040\000c\000i\000u\000d\000a\000d\000e\000s\000\040\000i\000n\000t\000e\000l\000i\000g\000e\000n\000t\000e\000s}{section.3}% 13
\BOOKMARK [2][-]{subsection.3.2}{\376\377\0003\000.\0002\000\040\000E\000n\000f\000o\000q\000u\000e\000s\000\040\000d\000e\000\040\000d\000e\000t\000e\000c\000c\000i\000\363\000n\000\040\000y\000\040\000r\000e\000c\000o\000n\000o\000c\000i\000m\000i\000e\000n\000t\000o\000\040\000d\000e\000\040\000m\000a\000t\000r\000\355\000c\000u\000l\000a\000s}{section.3}% 14
\BOOKMARK [2][-]{subsection.3.3}{\376\377\0003\000.\0003\000\040\000S\000o\000f\000t\000w\000a\000r\000e\000\040\000l\000i\000b\000r\000e\000,\000\040\000a\000d\000a\000p\000t\000a\000c\000i\000o\000n\000e\000s\000\040\000r\000e\000g\000i\000o\000n\000a\000l\000e\000s\000\040\000y\000\040\000c\000o\000n\000t\000e\000x\000t\000o\000\040\000e\000d\000u\000c\000a\000t\000i\000v\000o}{section.3}% 15
\BOOKMARK [1][-]{section.4}{\376\377\0004\000\040\000M\000e\000t\000o\000d\000o\000l\000o\000g\000\355\000a}{}% 16
\BOOKMARK [2][-]{subsection.4.1}{\376\377\0004\000.\0001\000\040\000F\000a\000s\000e\000\040\0001\000:\000\040\000A\000n\000\341\000l\000i\000s\000i\000s\000\040\000d\000e\000l\000\040\000c\000o\000n\000t\000e\000x\000t\000o\000\040\000y\000\040\000d\000e\000f\000i\000n\000i\000c\000i\000\363\000n\000\040\000d\000e\000\040\000r\000e\000q\000u\000i\000s\000i\000t\000o\000s}{section.4}% 17
\BOOKMARK [2][-]{subsection.4.2}{\376\377\0004\000.\0002\000\040\000F\000a\000s\000e\000\040\0002\000:\000\040\000D\000i\000s\000e\000\361\000o\000\040\000d\000e\000\040\000l\000a\000\040\000a\000r\000q\000u\000i\000t\000e\000c\000t\000u\000r\000a\000\040\000p\000r\000o\000p\000u\000e\000s\000t\000a}{section.4}% 18
\BOOKMARK [2][-]{subsection.4.3}{\376\377\0004\000.\0003\000\040\000F\000a\000s\000e\000\040\0003\000:\000\040\000I\000m\000p\000l\000e\000m\000e\000n\000t\000a\000c\000i\000\363\000n\000\040\000d\000e\000l\000\040\000m\000i\000c\000r\000o\000s\000e\000r\000v\000i\000c\000i\000o\000\040\000d\000e\000\040\000v\000i\000s\000i\000\363\000n}{section.4}% 19
\BOOKMARK [2][-]{subsection.4.4}{\376\377\0004\000.\0004\000\040\000F\000a\000s\000e\000\040\0004\000:\000\040\000I\000m\000p\000l\000e\000m\000e\000n\000t\000a\000c\000i\000\363\000n\000\040\000d\000e\000l\000\040\000b\000a\000c\000k\000e\000n\000d\000\040\000d\000e\000\040\000g\000e\000s\000t\000i\000\363\000n\000\040\000y\000\040\000d\000e\000\040\000l\000a\000s\000\040\000i\000n\000t\000e\000r\000f\000a\000c\000e\000s\000\040\000d\000e\000\040\000u\000s\000u\000a\000r\000i\000o}{section.4}% 20
\BOOKMARK [2][-]{subsection.4.5}{\376\377\0004\000.\0005\000\040\000F\000a\000s\000e\000\040\0005\000:\000\040\000I\000n\000t\000e\000g\000r\000a\000c\000i\000\363\000n\000\040\000y\000\040\000p\000r\000u\000e\000b\000a\000s\000\040\000e\000n\000\040\000e\000n\000t\000o\000r\000n\000o\000\040\000c\000o\000n\000t\000r\000o\000l\000a\000d\000o}{section.4}% 21
\BOOKMARK [2][-]{subsection.4.6}{\376\377\0004\000.\0006\000\040\000F\000a\000s\000e\000\040\0006\000:\000\040\000E\000v\000a\000l\000u\000a\000c\000i\000\363\000n\000,\000\040\000l\000i\000m\000i\000t\000a\000c\000i\000o\000n\000e\000s\000\040\000y\000\040\000o\000p\000o\000r\000t\000u\000n\000i\000d\000a\000d\000e\000s\000\040\000d\000e\000\040\000a\000m\000p\000l\000i\000a\000c\000i\000\363\000n}{section.4}% 22
\BOOKMARK [2][-]{subsection.4.7}{\376\377\0004\000.\0007\000\040\000D\000i\000a\000g\000r\000a\000m\000a\000\040\000d\000e\000\040\000a\000r\000q\000u\000i\000t\000e\000c\000t\000u\000r\000a\000\040\000d\000e\000\040\000c\000o\000m\000p\000o\000n\000e\000n\000t\000e\000s}{section.4}% 23
\BOOKMARK [1][-]{section.5}{\376\377\0005\000\040\000I\000m\000p\000l\000e\000m\000e\000n\000t\000a\000c\000i\000\363\000n\000\040\000d\000e\000l\000\040\000s\000i\000s\000t\000e\000m\000a\000\040\000A\000N\000P\000R\000-\000V\000I\000S\000I\000O\000N}{}% 24
\BOOKMARK [2][-]{subsection.5.1}{\376\377\0005\000.\0001\000\040\000V\000i\000s\000i\000\363\000n\000\040\000g\000e\000n\000e\000r\000a\000l\000\040\000d\000e\000\040\000l\000a\000\040\000a\000r\000q\000u\000i\000t\000e\000c\000t\000u\000r\000a\000\040\000i\000m\000p\000l\000e\000m\000e\000n\000t\000a\000d\000a}{section.5}% 25
\BOOKMARK [2][-]{subsection.5.2}{\376\377\0005\000.\0002\000\040\000M\000i\000c\000r\000o\000s\000e\000r\000v\000i\000c\000i\000o\000\040\000d\000e\000\040\000v\000i\000s\000i\000\363\000n\000\040\000e\000n\000\040\000P\000y\000t\000h\000o\000n}{section.5}% 26
\BOOKMARK [2][-]{subsection.5.3}{\376\377\0005\000.\0003\000\040\000B\000u\000s\000\040\000d\000e\000\040\000m\000e\000n\000s\000a\000j\000e\000r\000\355\000a\000\040\000c\000o\000n\000\040\000A\000p\000a\000c\000h\000e\000\040\000K\000a\000f\000k\000a}{section.5}% 27
\BOOKMARK [2][-]{subsection.5.4}{\376\377\0005\000.\0004\000\040\000S\000i\000s\000t\000e\000m\000a\000\040\000d\000e\000\040\000g\000e\000s\000t\000i\000\363\000n\000\040\000d\000e\000\040\000p\000a\000r\000q\000u\000e\000a\000d\000e\000r\000o\000s\000\040\000e\000n\000\040\000.\000N\000E\000T}{section.5}% 28
\BOOKMARK [2][-]{subsection.5.5}{\376\377\0005\000.\0005\000\040\000I\000n\000t\000e\000r\000f\000a\000c\000e\000s\000\040\000w\000e\000b\000\040\000y\000\040\000a\000p\000l\000i\000c\000a\000c\000i\000\363\000n\000\040\000m\000\363\000v\000i\000l}{section.5}% 29
\BOOKMARK [2][-]{subsection.5.6}{\376\377\0005\000.\0006\000\040\000P\000e\000r\000s\000i\000s\000t\000e\000n\000c\000i\000a\000\040\000d\000e\000\040\000d\000a\000t\000o\000s\000\040\000y\000\040\000m\000o\000d\000e\000l\000o\000\040\000r\000e\000l\000a\000c\000i\000o\000n\000a\000l}{section.5}% 30
\BOOKMARK [2][-]{subsection.5.7}{\376\377\0005\000.\0007\000\040\000D\000e\000s\000p\000l\000i\000e\000g\000u\000e\000\040\000d\000e\000l\000\040\000p\000r\000o\000t\000o\000t\000i\000p\000o\000\040\000e\000n\000\040\000m\000\372\000l\000t\000i\000p\000l\000e\000s\000\040\000e\000n\000t\000o\000r\000n\000o\000s}{section.5}% 31
\BOOKMARK [1][-]{section.6}{\376\377\0006\000\040\000R\000e\000s\000u\000l\000t\000a\000d\000o\000s}{}% 32
\BOOKMARK [2][-]{subsection.6.1}{\376\377\0006\000.\0001\000\040\000E\000n\000t\000o\000r\000n\000o\000\040\000d\000e\000\040\000p\000r\000u\000e\000b\000a\000s\000\040\000y\000\040\000c\000o\000n\000f\000i\000g\000u\000r\000a\000c\000i\000\363\000n\000\040\000e\000x\000p\000e\000r\000i\000m\000e\000n\000t\000a\000l}{section.6}% 33
\BOOKMARK [2][-]{subsection.6.2}{\376\377\0006\000.\0002\000\040\000V\000a\000l\000i\000d\000a\000c\000i\000\363\000n\000\040\000f\000u\000n\000c\000i\000o\000n\000a\000l\000\040\000d\000e\000\040\000l\000a\000\040\000a\000r\000q\000u\000i\000t\000e\000c\000t\000u\000r\000a}{section.6}% 34
\BOOKMARK [2][-]{subsection.6.3}{\376\377\0006\000.\0003\000\040\000O\000b\000s\000e\000r\000v\000a\000c\000i\000o\000n\000e\000s\000\040\000s\000o\000b\000r\000e\000\040\000r\000e\000n\000d\000i\000m\000i\000e\000n\000t\000o\000\040\000y\000\040\000l\000a\000t\000e\000n\000c\000i\000a}{section.6}% 35
\BOOKMARK [2][-]{subsection.6.4}{\376\377\0006\000.\0004\000\040\000E\000x\000p\000e\000r\000i\000e\000n\000c\000i\000a\000\040\000d\000e\000\040\000d\000e\000s\000p\000l\000i\000e\000g\000u\000e\000\040\000e\000n\000\040\000m\000\372\000l\000t\000i\000p\000l\000e\000s\000\040\000e\000n\000t\000o\000r\000n\000o\000s}{section.6}% 36
\BOOKMARK [2][-]{subsection.6.5}{\376\377\0006\000.\0005\000\040\000S\000\355\000n\000t\000e\000s\000i\000s\000\040\000d\000e\000\040\000h\000a\000l\000l\000a\000z\000g\000o\000s}{section.6}% 37
\BOOKMARK [1][-]{section.7}{\376\377\0007\000\040\000D\000i\000s\000c\000u\000s\000i\000\363\000n}{}% 38
\BOOKMARK [2][-]{subsection.7.1}{\376\377\0007\000.\0001\000\040\000C\000o\000h\000e\000r\000e\000n\000c\000i\000a\000\040\000d\000e\000\040\000l\000a\000\040\000a\000r\000q\000u\000i\000t\000e\000c\000t\000u\000r\000a\000\040\000b\000a\000s\000a\000d\000a\000\040\000e\000n\000\040\000m\000i\000c\000r\000o\000s\000e\000r\000v\000i\000c\000i\000o\000\040\000d\000e\000\040\000v\000i\000s\000i\000\363\000n\000\040\000y\000\040\000m\000e\000n\000s\000a\000j\000e\000r\000\355\000a\000\040\000d\000i\000s\000t\000r\000i\000b\000u\000i\000d\000a}{section.7}% 39
\BOOKMARK [2][-]{subsection.7.2}{\376\377\0007\000.\0002\000\040\000U\000s\000o\000\040\000d\000e\000\040\000h\000e\000r\000r\000a\000m\000i\000e\000n\000t\000a\000s\000\040\000d\000e\000\040\000c\000\363\000d\000i\000g\000o\000\040\000a\000b\000i\000e\000r\000t\000o\000\040\000y\000\040\000c\000o\000n\000t\000e\000x\000t\000o\000\040\000e\000d\000u\000c\000a\000t\000i\000v\000o}{section.7}% 40
\BOOKMARK [2][-]{subsection.7.3}{\376\377\0007\000.\0003\000\040\000D\000e\000s\000e\000m\000p\000e\000\361\000o\000\040\000d\000e\000l\000\040\000p\000r\000o\000t\000o\000t\000i\000p\000o\000\040\000y\000\040\000l\000i\000m\000i\000t\000a\000c\000i\000o\000n\000e\000s\000\040\000t\000\351\000c\000n\000i\000c\000a\000s}{section.7}% 41
\BOOKMARK [2][-]{subsection.7.4}{\376\377\0007\000.\0004\000\040\000O\000p\000o\000r\000t\000u\000n\000i\000d\000a\000d\000e\000s\000\040\000d\000e\000\040\000a\000m\000p\000l\000i\000a\000c\000i\000\363\000n\000\040\000y\000\040\000c\000o\000m\000p\000a\000r\000a\000c\000i\000\363\000n\000\040\000c\000o\000n\000\040\000t\000r\000a\000b\000a\000j\000o\000s\000\040\000r\000e\000l\000a\000c\000i\000o\000n\000a\000d\000o\000s}{section.7}% 42
\BOOKMARK [2][-]{subsection.7.5}{\376\377\0007\000.\0005\000\040\000I\000m\000p\000l\000i\000c\000a\000c\000i\000o\000n\000e\000s\000\040\000p\000a\000r\000a\000\040\000l\000a\000\040\000f\000o\000r\000m\000a\000c\000i\000\363\000n\000\040\000e\000n\000\040\000a\000n\000\341\000l\000i\000s\000i\000s\000\040\000y\000\040\000d\000e\000s\000a\000r\000r\000o\000l\000l\000o\000\040\000d\000e\000\040\000s\000o\000f\000t\000w\000a\000r\000e}{section.7}% 43
\BOOKMARK [2][-]{subsection.7.6}{\376\377\0007\000.\0006\000\040\000A\000m\000e\000n\000a\000z\000a\000s\000\040\000a\000\040\000l\000a\000\040\000v\000a\000l\000i\000d\000e\000z}{section.7}% 44
\BOOKMARK [1][-]{section.8}{\376\377\0008\000\040\000C\000o\000n\000c\000l\000u\000s\000i\000o\000n\000e\000s\000\040\000y\000\040\000t\000r\000a\000b\000a\000j\000o\000\040\000f\000u\000t\000u\000r\000o}{}% 45
\BOOKMARK [2][-]{subsection.8.1}{\376\377\0008\000.\0001\000\040\000C\000o\000n\000c\000l\000u\000s\000i\000o\000n\000e\000s}{section.8}% 46
\BOOKMARK [2][-]{subsection.8.2}{\376\377\0008\000.\0002\000\040\000T\000r\000a\000b\000a\000j\000o\000\040\000f\000u\000t\000u\000r\000o}{section.8}% 47
\BOOKMARK [1][-]{section*.7}{\376\377\000A\000p\000\351\000n\000d\000i\000c\000e\000s}{}% 48
\BOOKMARK [1][-]{appendix.Alph1}{\376\377\000A\000\040\000R\000e\000s\000u\000m\000e\000n\000\040\000d\000e\000\040\000t\000e\000c\000n\000o\000l\000o\000g\000\355\000a\000s\000\040\000y\000\040\000c\000o\000m\000p\000o\000n\000e\000n\000t\000e\000s\000\040\000p\000r\000i\000n\000c\000i\000p\000a\000l\000e\000s}{}% 49
\BOOKMARK [1][-]{appendix.Alph2}{\376\377\000B\000\040\000E\000j\000e\000m\000p\000l\000o\000\040\000d\000e\000\040\000e\000v\000e\000n\000t\000o\000\040\000d\000e\000\040\000d\000e\000t\000e\000c\000c\000i\000\363\000n\000\040\000e\000n\000v\000i\000a\000d\000o\000\040\000p\000o\000r\000\040\000e\000l\000\040\000m\000i\000c\000r\000o\000s\000e\000r\000v\000i\000c\000i\000o}{}% 50
\BOOKMARK [1][-]{appendix.Alph3}{\376\377\000C\000\040\000E\000j\000e\000m\000p\000l\000o\000\040\000d\000e\000\040\000e\000n\000d\000p\000o\000i\000n\000t\000s\000\040\000d\000e\000\040\000l\000a\000\040\000A\000P\000I\000\040\000d\000e\000\040\000g\000e\000s\000t\000i\000\363\000n}{}% 51
\BOOKMARK [1][-]{appendix.Alph4}{\376\377\000D\000\040\000C\000o\000n\000f\000i\000g\000u\000r\000a\000c\000i\000\363\000n\000\040\000b\000\341\000s\000i\000c\000a\000\040\000d\000e\000\040\000l\000a\000\040\000f\000u\000e\000n\000t\000e\000\040\000d\000e\000\040\000v\000i\000d\000e\000o\000\040\000c\000o\000n\000\040\000I\000P\000\040\000W\000e\000b\000c\000a\000m}{}% 52
\BOOKMARK [1][-]{appendix.Alph5}{\376\377\000E\000\040\000N\000o\000t\000a\000s\000\040\000s\000o\000b\000r\000e\000\040\000r\000e\000p\000r\000o\000d\000u\000c\000c\000i\000\363\000n\000\040\000d\000e\000l\000\040\000e\000n\000t\000o\000r\000n\000o\000\040\000d\000e\000\040\000d\000e\000s\000p\000l\000i\000e\000g\000u\000e}{}% 53
\BOOKMARK [1][-]{section*.11}{\376\377\000R\000e\000f\000e\000r\000e\000n\000c\000i\000a\000s}{}% 54
